✅ All tests passing (779 tests, 84.43% coverage)
